// Jest Snapshot v1, https://goo.gl/fbAQLP

exports[`renders correctly 1`] = `
<div
  className="makeStyles-root-1"
  id="wrapper"
>
  <div
    className="makeStyles-text-2"
    id="info"
  >
    <h3>
      This page could not be found
      <a
        aria-current="page"
        className="active"
        href="/"
        onClick={[Function]}
        style={Object {}}
      >
        <p
          className="MuiTypography-root MuiTypography-body1"
        >
          Dashbaord
        </p>
      </a>
    </h3>
  </div>
  <img
    className="makeStyles-image-3"
    src="https://i.imgur.com/qIufhof.png"
  />
</div>
`;
